1
Hello
App Started
Hello
